\BOOKMARK [1][-]{section.1}{\376\377\000I\000n\000t\000r\000o\000d\000u\000c\000t\000i\000o\000n}{}% 1
\BOOKMARK [1][-]{section.2}{\376\377\000R\000e\000l\000a\000t\000e\000d\000\040\000W\000o\000r\000k}{}% 2
\BOOKMARK [1][-]{section.3}{\376\377\000P\000r\000o\000b\000l\000e\000m\000\040\000S\000t\000a\000t\000e\000m\000e\000n\000t}{}% 3
\BOOKMARK [1][-]{section.4}{\376\377\000T\000h\000e\000o\000r\000y}{}% 4
\BOOKMARK [2][-]{subsection.4.1}{\376\377\000C\000e\000n\000t\000r\000a\000l\000i\000z\000e\000d\000\040\000L\000e\000a\000r\000n\000i\000n\000g}{section.4}% 5
\BOOKMARK [2][-]{subsection.4.2}{\376\377\000F\000e\000d\000e\000r\000a\000t\000e\000d\000\040\000L\000e\000a\000r\000n\000i\000n\000g}{section.4}% 6
\BOOKMARK [2][-]{subsection.4.3}{\376\377\000F\000e\000d\000e\000r\000a\000t\000e\000d\000\040\000L\000e\000a\000r\000n\000i\000n\000g\000\040\000w\000i\000t\000h\000\040\000E\000r\000r\000o\000r\000\040\000F\000e\000e\000d\000b\000a\000c\000k}{section.4}% 7
\BOOKMARK [2][-]{subsection.4.4}{\376\377\000T\000h\000e\000o\000r\000e\000t\000i\000c\000a\000l\000\040\000l\000i\000m\000i\000t\000a\000t\000i\000o\000n\000s}{section.4}% 8
\BOOKMARK [1][-]{section.5}{\376\377\000E\000x\000p\000e\000r\000i\000m\000e\000n\000t\000s}{}% 9
\BOOKMARK [2][-]{subsection.5.1}{\376\377\000S\000m\000o\000o\000t\000h\000\040\000C\000o\000n\000v\000e\000x\000\040\000O\000p\000t\000i\000m\000i\000z\000a\000t\000i\000o\000n\000\040\000P\000r\000o\000b\000l\000e\000m\000\040\000\050\000S\000y\000n\000t\000h\000e\000t\000i\000c\000\040\000E\000x\000p\000e\000r\000i\000m\000e\000n\000t\000\051}{section.5}% 10
\BOOKMARK [2][-]{subsection.5.2}{\376\377\004\046\004\065\004\075\004\102\004\100\004\060\004\073\004\070\004\067\004\076\004\062\004\060\004\075\004\075\004\076\004\065\000\040\004\076\004\061\004\103\004\107\004\065\004\075\004\070\004\065}{section.5}% 11
\BOOKMARK [2][-]{subsection.5.3}{\376\377\004\044\004\065\004\064\004\065\004\100\004\060\004\102\004\070\004\062\004\075\004\076\004\065\000\040\004\076\004\061\004\103\004\107\004\065\004\075\004\070\004\065}{section.5}% 12
\BOOKMARK [1][-]{section.6}{\376\377\000C\000o\000n\000c\000l\000u\000s\000i\000o\000n}{}% 13
\BOOKMARK [1][-]{appendix.A}{\376\377\000A\000p\000p\000e\000n\000d\000i\000x}{}% 14
\BOOKMARK [2][-]{subsection.A.1}{\376\377\000C\000e\000n\000t\000r\000a\000l\000i\000z\000e\000d\000\040\000a\000l\000g\000o\000r\000i\000t\000h\000m}{appendix.A}% 15
\BOOKMARK [2][-]{subsection.A.2}{\376\377\000F\000e\000d\000e\000r\000a\000t\000e\000d\000\040\000A\000l\000g\000o\000r\000i\000t\000h\000m}{appendix.A}% 16
\BOOKMARK [2][-]{subsection.A.3}{\376\377\000F\000e\000d\000e\000r\000a\000t\000e\000d\000\040\000A\000l\000g\000o\000r\000i\000t\000h\000m\000\040\000w\000i\000t\000h\000\040\000E\000r\000r\000o\000r\000\040\000F\000e\000e\000d\000b\000a\000c\000k}{appendix.A}% 17
\BOOKMARK [2][-]{subsection.A.4}{\376\377\004\023\004\070\004\077\004\076\004\102\004\065\004\067\004\113\000\040\004\070\004\101\004\101\004\073\004\065\004\064\004\076\004\062\004\060\004\075\004\070\004\117}{appendix.A}% 18
\BOOKMARK [2][-]{subsection.A.5}{\376\377\004\024\004\076\004\072\004\060\004\067\004\060\004\102\004\065\004\073\004\114\004\101\004\102\004\062\004\076\000\040\004\102\004\065\004\076\004\100\004\065\004\074\004\113\000\040\0001}{appendix.A}% 19
\BOOKMARK [2][-]{subsection.A.6}{\376\377\000R\000e\000s\000u\000l\000t\000s\000\040\000f\000o\000r\000\040\000t\000h\000e\000\040\000s\000m\000o\000o\000t\000h\000\040\000c\000o\000n\000v\000e\000x\000\040\000p\000r\000o\000b\000l\000e\000m}{appendix.A}% 20
\BOOKMARK [2][-]{subsection.A.7}{\376\377\000C\000e\000n\000t\000r\000a\000l\000i\000z\000e\000d\000\040\000t\000r\000a\000i\000n\000i\000n\000g\000\040\000r\000e\000s\000u\000l\000t\000s}{appendix.A}% 21
\BOOKMARK [2][-]{subsection.A.8}{\376\377\000F\000e\000d\000e\000r\000a\000t\000e\000d\000\040\000t\000r\000a\000i\000n\000i\000n\000g\000\040\000r\000e\000s\000u\000l\000t\000s\000.\000\040\000E\000x\000p\000e\000r\000i\000m\000e\000n\000t\000\040\0001}{appendix.A}% 22
\BOOKMARK [2][-]{subsection.A.9}{\376\377\000F\000e\000d\000e\000r\000a\000t\000e\000d\000\040\000t\000r\000a\000i\000n\000i\000n\000g\000\040\000r\000e\000s\000u\000l\000t\000s\000.\000\040\000E\000x\000p\000e\000r\000i\000m\000e\000n\000t\000\040\0002}{appendix.A}% 23
\BOOKMARK [2][-]{subsection.A.10}{\376\377\000F\000e\000d\000e\000r\000a\000t\000e\000d\000\040\000t\000r\000a\000i\000n\000i\000n\000g\000\040\000r\000e\000s\000u\000l\000t\000s\000.\000\040\000E\000x\000p\000e\000r\000i\000m\000e\000n\000t\000\040\0003}{appendix.A}% 24
